  甇??斗閬???撠?...
  ???獢?冽??啁????舫脰?????
C:\Users\112011\撠?\憭GENT_皜祈岫\WaferMeasurementFlow\Agents\LoadPortAgent.cs(15,35): warning CS8603: ?航??Null ???[C:\Users\112011\撠?\憭GENT_皜祈岫\WaferMeasurementFlow\WaferMeasurementFlow.csproj]
C:\Users\112011\撠?\憭GENT_皜祈岫\WaferMeasurementFlow\Agents\SystemEventBus.cs(8,46): warning CS8618: ??箏遣瑽撘?嚗??舐 Null ??鈭辣 'LoadPortStateChanged' 敹????Null ?潦???啣? 'required' 靽桅ˇ???? 鈭辣 摰???箏隞亦 Null??[C:\Users\112011\撠?\憭GENT_皜祈岫\WaferMeasurementFlow\WaferMeasurementFlow.csproj]
C:\Users\112011\撠?\憭GENT_皜祈岫\WaferMeasurementFlow\Agents\SystemEventBus.cs(9,45): warning CS8618: ??箏遣瑽撘?嚗??舐 Null ??鈭辣 'CarrierStateChanged' 敹????Null ?潦???啣? 'required' 靽桅ˇ???? 鈭辣 摰???箏隞亦 Null??[C:\Users\112011\撠?\憭GENT_皜祈岫\WaferMeasurementFlow\WaferMeasurementFlow.csproj]
C:\Users\112011\撠?\憭GENT_皜祈岫\WaferMeasurementFlow\Agents\SystemEventBus.cs(10,47): warning CS8618: ??箏遣瑽撘?嚗??舐 Null ??鈭辣 'SubstrateStateChanged' 敹????Null ?潦???啣? 'required' 靽桅ˇ???? 鈭辣 摰???箏隞亦 Null??[C:\Users\112011\撠?\憭GENT_皜祈岫\WaferMeasurementFlow\WaferMeasurementFlow.csproj]
C:\Users\112011\撠?\憭GENT_皜祈岫\WaferMeasurementFlow\Agents\SystemEventBus.cs(11,44): warning CS8618: ??箏遣瑽撘?嚗??舐 Null ??鈭辣 'LogMessagePublished' 敹????Null ?潦???啣? 'required' 靽桅ˇ???? 鈭辣 摰???箏隞亦 Null??[C:\Users\112011\撠?\憭GENT_皜祈岫\WaferMeasurementFlow\WaferMeasurementFlow.csproj]
C:\Users\112011\撠?\憭GENT_皜祈岫\WaferMeasurementFlow\Forms\EtelTestForm.cs(27,16): warning CS8618: ??箏遣瑽撘?嚗??舐 Null ??甈? 'txtUrl' 敹????Null ?潦???啣? 'required' 靽桅ˇ???? 甈? 摰???箏隞亦 Null??[C:\Users\112011\撠?\憭GENT_皜祈岫\WaferMeasurementFlow\WaferMeasurementFlow.csproj]
C:\Users\112011\撠?\憭GENT_皜祈岫\WaferMeasurementFlow\Forms\EtelTestForm.cs(27,16): warning CS8618: ??箏遣瑽撘?嚗??舐 Null ??甈? 'btnConnect' 敹????Null ?潦???啣? 'required' 靽桅ˇ???? 甈? 摰???箏隞亦 Null??[C:\Users\112011\撠?\憭GENT_皜祈岫\WaferMeasurementFlow\WaferMeasurementFlow.csproj]
C:\Users\112011\撠?\憭GENT_皜祈岫\WaferMeasurementFlow\Forms\EtelTestForm.cs(27,16): warning CS8618: ??箏遣瑽撘?嚗??舐 Null ??甈? 'btnDisconnect' 敹????Null ?潦???啣? 'required' 靽桅ˇ???? 甈? 摰???箏隞亦 Null??[C:\Users\112011\撠?\憭GENT_皜祈岫\WaferMeasurementFlow\WaferMeasurementFlow.csproj]
C:\Users\112011\撠?\憭GENT_皜祈岫\WaferMeasurementFlow\Forms\EtelTestForm.cs(27,16): warning CS8618: ??箏遣瑽撘?嚗??舐 Null ??甈? 'comboType' 敹????Null ?潦???啣? 'required' 靽桅ˇ???? 甈? 摰???箏隞亦 Null??[C:\Users\112011\撠?\憭GENT_皜祈岫\WaferMeasurementFlow\WaferMeasurementFlow.csproj]
C:\Users\112011\撠?\憭GENT_皜祈岫\WaferMeasurementFlow\Forms\EtelTestForm.cs(27,16): warning CS8618: ??箏遣瑽撘?嚗??舐 Null ??甈? 'txtIndex' 敹????Null ?潦???啣? 'required' 靽桅ˇ???? 甈? 摰???箏隞亦 Null??[C:\Users\112011\撠?\憭GENT_皜祈岫\WaferMeasurementFlow\WaferMeasurementFlow.csproj]
C:\Users\112011\撠?\憭GENT_皜祈岫\WaferMeasurementFlow\Forms\EtelTestForm.cs(27,16): warning CS8618: ??箏遣瑽撘?嚗??舐 Null ??甈? 'txtSubIndex' 敹????Null ?潦???啣? 'required' 靽桅ˇ???? 甈? 摰???箏隞亦 Null??[C:\Users\112011\撠?\憭GENT_皜祈岫\WaferMeasurementFlow\WaferMeasurementFlow.csproj]
C:\Users\112011\撠?\憭GENT_皜祈岫\WaferMeasurementFlow\Forms\EtelTestForm.cs(27,16): warning CS8618: ??箏遣瑽撘?嚗??舐 Null ??甈? 'txtValue' 敹????Null ?潦???啣? 'required' 靽桅ˇ???? 甈? 摰???箏隞亦 Null??[C:\Users\112011\撠?\憭GENT_皜祈岫\WaferMeasurementFlow\WaferMeasurementFlow.csproj]
C:\Users\112011\撠?\憭GENT_皜祈岫\WaferMeasurementFlow\Forms\EtelTestForm.cs(27,16): warning CS8618: ??箏遣瑽撘?嚗??舐 Null ??甈? 'btnRead' 敹????Null ?潦???啣? 'required' 靽桅ˇ???? 甈? 摰???箏隞亦 Null??[C:\Users\112011\撠?\憭GENT_皜祈岫\WaferMeasurementFlow\WaferMeasurementFlow.csproj]
C:\Users\112011\撠?\憭GENT_皜祈岫\WaferMeasurementFlow\Forms\EtelTestForm.cs(27,16): warning CS8618: ??箏遣瑽撘?嚗??舐 Null ??甈? 'btnWrite' 敹????Null ?潦???啣? 'required' 靽桅ˇ???? 甈? 摰???箏隞亦 Null??[C:\Users\112011\撠?\憭GENT_皜祈岫\WaferMeasurementFlow\WaferMeasurementFlow.csproj]
C:\Users\112011\撠?\憭GENT_皜祈岫\WaferMeasurementFlow\Forms\EtelTestForm.cs(27,16): warning CS8618: ??箏遣瑽撘?嚗??舐 Null ??甈? 'txtLog' 敹????Null ?潦???啣? 'required' 靽桅ˇ???? 甈? 摰???箏隞亦 Null??[C:\Users\112011\撠?\憭GENT_皜祈岫\WaferMeasurementFlow\WaferMeasurementFlow.csproj]
C:\Users\112011\撠?\憭GENT_皜祈岫\WaferMeasurementFlow\MainForm.cs(35,16): warning CS8618: ??箏遣瑽撘?嚗??舐 Null ??甈? '_indPort1' 敹????Null ?潦???啣? 'required' 靽桅ˇ???? 甈? 摰???箏隞亦 Null??[C:\Users\112011\撠?\憭GENT_皜祈岫\WaferMeasurementFlow\WaferMeasurementFlow.csproj]
C:\Users\112011\撠?\憭GENT_皜祈岫\WaferMeasurementFlow\MainForm.cs(35,16): warning CS8618: ??箏遣瑽撘?嚗??舐 Null ??甈? '_indPort2' 敹????Null ?潦???啣? 'required' 靽桅ˇ???? 甈? 摰???箏隞亦 Null??[C:\Users\112011\撠?\憭GENT_皜祈岫\WaferMeasurementFlow\WaferMeasurementFlow.csproj]
C:\Users\112011\撠?\憭GENT_皜祈岫\WaferMeasurementFlow\MainForm.cs(35,16): warning CS8618: ??箏遣瑽撘?嚗??舐 Null ??甈? '_lblCarrierId' 敹????Null ?潦???啣? 'required' 靽桅ˇ???? 甈? 摰???箏隞亦 Null??[C:\Users\112011\撠?\憭GENT_皜祈岫\WaferMeasurementFlow\WaferMeasurementFlow.csproj]
C:\Users\112011\撠?\憭GENT_皜祈岫\WaferMeasurementFlow\MainForm.cs(35,16): warning CS8618: ??箏遣瑽撘?嚗??舐 Null ??甈? '_comboPort' 敹????Null ?潦???啣? 'required' 靽桅ˇ???? 甈? 摰???箏隞亦 Null??[C:\Users\112011\撠?\憭GENT_皜祈岫\WaferMeasurementFlow\WaferMeasurementFlow.csproj]
C:\Users\112011\撠?\憭GENT_皜祈岫\WaferMeasurementFlow\MainForm.cs(35,16): warning CS8618: ??箏遣瑽撘?嚗??舐 Null ??甈? '_btnPlace' 敹????Null ?潦???啣? 'required' 靽桅ˇ???? 甈? 摰???箏隞亦 Null??[C:\Users\112011\撠?\憭GENT_皜祈岫\WaferMeasurementFlow\WaferMeasurementFlow.csproj]
C:\Users\112011\撠?\憭GENT_皜祈岫\WaferMeasurementFlow\MainForm.cs(35,16): warning CS8618: ??箏遣瑽撘?嚗??舐 Null ??甈? '_btnUnload' 敹????Null ?潦???啣? 'required' 靽桅ˇ???? 甈? 摰???箏隞亦 Null??[C:\Users\112011\撠?\憭GENT_皜祈岫\WaferMeasurementFlow\WaferMeasurementFlow.csproj]
C:\Users\112011\撠?\憭GENT_皜祈岫\WaferMeasurementFlow\MainForm.cs(35,16): warning CS8618: ??箏遣瑽撘?嚗??舐 Null ??甈? '_btnPJCJ' 敹????Null ?潦???啣? 'required' 靽桅ˇ???? 甈? 摰???箏隞亦 Null??[C:\Users\112011\撠?\憭GENT_皜祈岫\WaferMeasurementFlow\WaferMeasurementFlow.csproj]
C:\Users\112011\撠?\憭GENT_皜祈岫\WaferMeasurementFlow\MainForm.cs(35,16): warning CS8618: ??箏遣瑽撘?嚗??舐 Null ??甈? '_btnRecipes' 敹????Null ?潦???啣? 'required' 靽桅ˇ???? 甈? 摰???箏隞亦 Null??[C:\Users\112011\撠?\憭GENT_皜祈岫\WaferMeasurementFlow\WaferMeasurementFlow.csproj]
C:\Users\112011\撠?\憭GENT_皜祈岫\WaferMeasurementFlow\MainForm.cs(35,16): warning CS8618: ??箏遣瑽撘?嚗??舐 Null ??甈? '_btnSecs' 敹????Null ?潦???啣? 'required' 靽桅ˇ???? 甈? 摰???箏隞亦 Null??[C:\Users\112011\撠?\憭GENT_皜祈岫\WaferMeasurementFlow\WaferMeasurementFlow.csproj]
C:\Users\112011\撠?\憭GENT_皜祈岫\WaferMeasurementFlow\MainForm.cs(35,16): warning CS8618: ??箏遣瑽撘?嚗??舐 Null ??甈? '_btnEtel' 敹????Null ?潦???啣? 'required' 靽桅ˇ???? 甈? 摰???箏隞亦 Null??[C:\Users\112011\撠?\憭GENT_皜祈岫\WaferMeasurementFlow\WaferMeasurementFlow.csproj]
C:\Users\112011\撠?\憭GENT_皜祈岫\WaferMeasurementFlow\MainForm.cs(35,16): warning CS8618: ??箏遣瑽撘?嚗??舐 Null ??甈? '_gridSlots' 敹????Null ?潦???啣? 'required' 靽桅ˇ???? 甈? 摰???箏隞亦 Null??[C:\Users\112011\撠?\憭GENT_皜祈岫\WaferMeasurementFlow\WaferMeasurementFlow.csproj]
C:\Users\112011\撠?\憭GENT_皜祈岫\WaferMeasurementFlow\MainForm.cs(35,16): warning CS8618: ??箏遣瑽撘?嚗??舐 Null ??甈? '_txtLog' 敹????Null ?潦???啣? 'required' 靽桅ˇ???? 甈? 摰???箏隞亦 Null??[C:\Users\112011\撠?\憭GENT_皜祈岫\WaferMeasurementFlow\WaferMeasurementFlow.csproj]
C:\Users\112011\撠?\憭GENT_皜祈岫\WaferMeasurementFlow\UI\IndustrialControls.cs(110,16): warning CS8618: ??箏遣瑽撘?嚗??舐 Null ??撅祆?'Title' 敹????Null ?潦???啣? 'required' 靽桅ˇ???? 撅祆?摰???箏隞亦 Null??[C:\Users\112011\撠?\憭GENT_皜祈岫\WaferMeasurementFlow\WaferMeasurementFlow.csproj]
C:\Users\112011\撠?\憭GENT_皜祈岫\WaferMeasurementFlow\Equipment.cs(80,16): warning CS8618: ??箏遣瑽撘?嚗??舐 Null ??撅祆?'Robot' 敹????Null ?潦???啣? 'required' 靽桅ˇ???? 撅祆?摰???箏隞亦 Null??[C:\Users\112011\撠?\憭GENT_皜祈岫\WaferMeasurementFlow\WaferMeasurementFlow.csproj]
C:\Users\112011\撠?\憭GENT_皜祈岫\WaferMeasurementFlow\Equipment.cs(80,16): warning CS8618: ??箏遣瑽撘?嚗??舐 Null ??撅祆?'Aligner' 敹????Null ?潦???啣? 'required' 靽桅ˇ???? 撅祆?摰???箏隞亦 Null??[C:\Users\112011\撠?\憭GENT_皜祈岫\WaferMeasurementFlow\WaferMeasurementFlow.csproj]
C:\Users\112011\撠?\憭GENT_皜祈岫\WaferMeasurementFlow\Equipment.cs(80,16): warning CS8618: ??箏遣瑽撘?嚗??舐 Null ??撅祆?'ControlJobManager' 敹????Null ?潦???啣? 'required' 靽桅ˇ???? 撅祆?摰???箏隞亦 Null??[C:\Users\112011\撠?\憭GENT_皜祈岫\WaferMeasurementFlow\WaferMeasurementFlow.csproj]
C:\Users\112011\撠?\憭GENT_皜祈岫\WaferMeasurementFlow\Equipment.cs(80,16): warning CS8618: ??箏遣瑽撘?嚗??舐 Null ??撅祆?'ProcessManager' 敹????Null ?潦???啣? 'required' 靽桅ˇ???? 撅祆?摰???箏隞亦 Null??[C:\Users\112011\撠?\憭GENT_皜祈岫\WaferMeasurementFlow\WaferMeasurementFlow.csproj]
C:\Users\112011\撠?\憭GENT_皜祈岫\WaferMeasurementFlow\Equipment.cs(80,16): warning CS8618: ??箏遣瑽撘?嚗??舐 Null ??撅祆?'E87Manager' 敹????Null ?潦???啣? 'required' 靽桅ˇ???? 撅祆?摰???箏隞亦 Null??[C:\Users\112011\撠?\憭GENT_皜祈岫\WaferMeasurementFlow\WaferMeasurementFlow.csproj]
C:\Users\112011\撠?\憭GENT_皜祈岫\WaferMeasurementFlow\Equipment.cs(80,16): warning CS8618: ??箏遣瑽撘?嚗??舐 Null ??撅祆?'WaferManager' 敹????Null ?潦???啣? 'required' 靽桅ˇ???? 撅祆?摰???箏隞亦 Null??[C:\Users\112011\撠?\憭GENT_皜祈岫\WaferMeasurementFlow\WaferMeasurementFlow.csproj]
C:\Users\112011\撠?\憭GENT_皜祈岫\WaferMeasurementFlow\Equipment.cs(80,16): warning CS8618: ??箏遣瑽撘?嚗??舐 Null ??撅祆?'RecipeManager' 敹????Null ?潦???啣? 'required' 靽桅ˇ???? 撅祆?摰???箏隞亦 Null??[C:\Users\112011\撠?\憭GENT_皜祈岫\WaferMeasurementFlow\WaferMeasurementFlow.csproj]
C:\Users\112011\撠?\憭GENT_皜祈岫\WaferMeasurementFlow\Equipment.cs(80,16): warning CS8618: ??箏遣瑽撘?嚗??舐 Null ??甈? '_secsManager' 敹????Null ?潦???啣? 'required' 靽桅ˇ???? 甈? 摰???箏隞亦 Null??[C:\Users\112011\撠?\憭GENT_皜祈岫\WaferMeasurementFlow\WaferMeasurementFlow.csproj]
C:\Users\112011\撠?\憭GENT_皜祈岫\WaferMeasurementFlow\Equipment.cs(80,16): warning CS8618: ??箏遣瑽撘?嚗??舐 Null ??撅祆?'LogSystem' 敹????Null ?潦???啣? 'required' 靽桅ˇ???? 撅祆?摰???箏隞亦 Null??[C:\Users\112011\撠?\憭GENT_皜祈岫\WaferMeasurementFlow\WaferMeasurementFlow.csproj]
C:\Users\112011\撠?\憭GENT_皜祈岫\WaferMeasurementFlow\Managers\SecsManager.cs(47,16): warning CS8618: ??箏遣瑽撘?嚗??舐 Null ??甈? '_monitorForm' 敹????Null ?潦???啣? 'required' 靽桅ˇ???? 甈? 摰???箏隞亦 Null??[C:\Users\112011\撠?\憭GENT_皜祈岫\WaferMeasurementFlow\WaferMeasurementFlow.csproj]
C:\Users\112011\撠?\憭GENT_皜祈岫\WaferMeasurementFlow\Managers\EtelManager.cs(22,16): warning CS8618: ??箏遣瑽撘?嚗??舐 Null ??甈? '_drive' 敹????Null ?潦???啣? 'required' 靽桅ˇ???? 甈? 摰???箏隞亦 Null??[C:\Users\112011\撠?\憭GENT_皜祈岫\WaferMeasurementFlow\WaferMeasurementFlow.csproj]
C:\Users\112011\撠?\憭GENT_皜祈岫\WaferMeasurementFlow\Managers\EtelManager.cs(22,16): warning CS8618: ??箏遣瑽撘?嚗??舐 Null ??甈? '_dmdData' 敹????Null ?潦???啣? 'required' 靽桅ˇ???? 甈? 摰???箏隞亦 Null??[C:\Users\112011\撠?\憭GENT_皜祈岫\WaferMeasurementFlow\WaferMeasurementFlow.csproj]
C:\Users\112011\撠?\憭GENT_皜祈岫\WaferMeasurementFlow\Managers\EtelManager.cs(22,16): warning CS8618: ??箏遣瑽撘?嚗??舐 Null ??鈭辣 'OnLog' 敹????Null ?潦???啣? 'required' 靽桅ˇ???? 鈭辣 摰???箏隞亦 Null??[C:\Users\112011\撠?\憭GENT_皜祈岫\WaferMeasurementFlow\WaferMeasurementFlow.csproj]
C:\Users\112011\撠?\憭GENT_皜祈岫\WaferMeasurementFlow\Managers\EtelManager.cs(22,16): warning CS8618: ??箏遣瑽撘?嚗??舐 Null ??鈭辣 'OnError' 敹????Null ?潦???啣? 'required' 靽桅ˇ???? 鈭辣 摰???箏隞亦 Null??[C:\Users\112011\撠?\憭GENT_皜祈岫\WaferMeasurementFlow\WaferMeasurementFlow.csproj]
C:\Users\112011\撠?\憭GENT_皜祈岫\WaferMeasurementFlow\Managers\EtelManager.cs(59,26): warning CS8625: ?⊥?撠?null 撣詨潸???銝??Null ?????乓?[C:\Users\112011\撠?\憭GENT_皜祈岫\WaferMeasurementFlow\WaferMeasurementFlow.csproj]
C:\Users\112011\撠?\憭GENT_皜祈岫\WaferMeasurementFlow\Managers\EtelManager.cs(88,30): warning CS8625: ?⊥?撠?null 撣詨潸???銝??Null ?????乓?[C:\Users\112011\撠?\憭GENT_皜祈岫\WaferMeasurementFlow\WaferMeasurementFlow.csproj]
C:\Users\112011\撠?\憭GENT_皜祈岫\WaferMeasurementFlow\RecipeEditorForm.cs(25,16): warning CS8618: ??箏遣瑽撘?嚗??舐 Null ??甈? '_recipeListBox' 敹????Null ?潦???啣? 'required' 靽桅ˇ???? 甈? 摰???箏隞亦 Null??[C:\Users\112011\撠?\憭GENT_皜祈岫\WaferMeasurementFlow\WaferMeasurementFlow.csproj]
C:\Users\112011\撠?\憭GENT_皜祈岫\WaferMeasurementFlow\RecipeEditorForm.cs(25,16): warning CS8618: ??箏遣瑽撘?嚗??舐 Null ??甈? '_recipeIdTextBox' 敹????Null ?潦???啣? 'required' 靽桅ˇ???? 甈? 摰???箏隞亦 Null??[C:\Users\112011\撠?\憭GENT_皜祈岫\WaferMeasurementFlow\WaferMeasurementFlow.csproj]
C:\Users\112011\撠?\憭GENT_皜祈岫\WaferMeasurementFlow\RecipeEditorForm.cs(25,16): warning CS8618: ??箏遣瑽撘?嚗??舐 Null ??甈? '_parametersGridView' 敹????Null ?潦???啣? 'required' 靽桅ˇ???? 甈? 摰???箏隞亦 Null??[C:\Users\112011\撠?\憭GENT_皜祈岫\WaferMeasurementFlow\WaferMeasurementFlow.csproj]
C:\Users\112011\撠?\憭GENT_皜祈岫\WaferMeasurementFlow\RecipeEditorForm.cs(25,16): warning CS8618: ??箏遣瑽撘?嚗??舐 Null ??甈? '_txtTargetSlots' 敹????Null ?潦???啣? 'required' 靽桅ˇ???? 甈? 摰???箏隞亦 Null??[C:\Users\112011\撠?\憭GENT_皜祈岫\WaferMeasurementFlow\WaferMeasurementFlow.csproj]
C:\Users\112011\撠?\憭GENT_皜祈岫\WaferMeasurementFlow\RecipeEditorForm.cs(25,16): warning CS8618: ??箏遣瑽撘?嚗??舐 Null ??甈? '_btnNew' 敹????Null ?潦???啣? 'required' 靽桅ˇ???? 甈? 摰???箏隞亦 Null??[C:\Users\112011\撠?\憭GENT_皜祈岫\WaferMeasurementFlow\WaferMeasurementFlow.csproj]
C:\Users\112011\撠?\憭GENT_皜祈岫\WaferMeasurementFlow\RecipeEditorForm.cs(25,16): warning CS8618: ??箏遣瑽撘?嚗??舐 Null ??甈? '_btnSave' 敹????Null ?潦???啣? 'required' 靽桅ˇ???? 甈? 摰???箏隞亦 Null??[C:\Users\112011\撠?\憭GENT_皜祈岫\WaferMeasurementFlow\WaferMeasurementFlow.csproj]
C:\Users\112011\撠?\憭GENT_皜祈岫\WaferMeasurementFlow\RecipeEditorForm.cs(25,16): warning CS8618: ??箏遣瑽撘?嚗??舐 Null ??甈? '_btnDelete' 敹????Null ?潦???啣? 'required' 靽桅ˇ???? 甈? 摰???箏隞亦 Null??[C:\Users\112011\撠?\憭GENT_皜祈岫\WaferMeasurementFlow\WaferMeasurementFlow.csproj]
C:\Users\112011\撠?\憭GENT_皜祈岫\WaferMeasurementFlow\PJCJCreationForm.cs(25,16): warning CS8618: ??箏遣瑽撘?嚗??舐 Null ??甈? '_comboRecipes' 敹????Null ?潦???啣? 'required' 靽桅ˇ???? 甈? 摰???箏隞亦 Null??[C:\Users\112011\撠?\憭GENT_皜祈岫\WaferMeasurementFlow\WaferMeasurementFlow.csproj]
C:\Users\112011\撠?\憭GENT_皜祈岫\WaferMeasurementFlow\PJCJCreationForm.cs(25,16): warning CS8618: ??箏遣瑽撘?嚗??舐 Null ??甈? '_comboPorts' 敹????Null ?潦???啣? 'required' 靽桅ˇ???? 甈? 摰???箏隞亦 Null??[C:\Users\112011\撠?\憭GENT_皜祈岫\WaferMeasurementFlow\WaferMeasurementFlow.csproj]
C:\Users\112011\撠?\憭GENT_皜祈岫\WaferMeasurementFlow\PJCJCreationForm.cs(25,16): warning CS8618: ??箏遣瑽撘?嚗??舐 Null ??甈? '_gridWafers' 敹????Null ?潦???啣? 'required' 靽桅ˇ???? 甈? 摰???箏隞亦 Null??[C:\Users\112011\撠?\憭GENT_皜祈岫\WaferMeasurementFlow\WaferMeasurementFlow.csproj]
C:\Users\112011\撠?\憭GENT_皜祈岫\WaferMeasurementFlow\PJCJCreationForm.cs(25,16): warning CS8618: ??箏遣瑽撘?嚗??舐 Null ??甈? '_txtPJCJId' 敹????Null ?潦???啣? 'required' 靽桅ˇ???? 甈? 摰???箏隞亦 Null??[C:\Users\112011\撠?\憭GENT_皜祈岫\WaferMeasurementFlow\WaferMeasurementFlow.csproj]
C:\Users\112011\撠?\憭GENT_皜祈岫\WaferMeasurementFlow\PJCJCreationForm.cs(25,16): warning CS8618: ??箏遣瑽撘?嚗??舐 Null ??甈? '_txtCJCJId' 敹????Null ?潦???啣? 'required' 靽桅ˇ???? 甈? 摰???箏隞亦 Null??[C:\Users\112011\撠?\憭GENT_皜祈岫\WaferMeasurementFlow\WaferMeasurementFlow.csproj]
C:\Users\112011\撠?\憭GENT_皜祈岫\WaferMeasurementFlow\PJCJCreationForm.cs(25,16): warning CS8618: ??箏遣瑽撘?嚗??舐 Null ??甈? '_btnCreate' 敹????Null ?潦???啣? 'required' 靽桅ˇ???? 甈? 摰???箏隞亦 Null??[C:\Users\112011\撠?\憭GENT_皜祈岫\WaferMeasurementFlow\WaferMeasurementFlow.csproj]
C:\Users\112011\撠?\憭GENT_皜祈岫\WaferMeasurementFlow\MainForm.cs(241,13): error CS0103: ?迂 'SystemEventBus' 銝??冽?桀??摰嫣葉 [C:\Users\112011\撠?\憭GENT_皜祈岫\WaferMeasurementFlow\WaferMeasurementFlow.csproj]
C:\Users\112011\撠?\憭GENT_皜祈岫\WaferMeasurementFlow\MainForm.cs(252,13): error CS0103: ?迂 'SystemEventBus' 銝??冽?桀??摰嫣葉 [C:\Users\112011\撠?\憭GENT_皜祈岫\WaferMeasurementFlow\WaferMeasurementFlow.csproj]
C:\Users\112011\撠?\憭GENT_皜祈岫\WaferMeasurementFlow\MainForm.cs(257,13): error CS0103: ?迂 'SystemEventBus' 銝??冽?桀??摰嫣葉 [C:\Users\112011\撠?\憭GENT_皜祈岫\WaferMeasurementFlow\WaferMeasurementFlow.csproj]
C:\Users\112011\撠?\憭GENT_皜祈岫\WaferMeasurementFlow\MainForm.cs(262,13): error CS0103: ?迂 'SystemEventBus' 銝??冽?桀??摰嫣葉 [C:\Users\112011\撠?\憭GENT_皜祈岫\WaferMeasurementFlow\WaferMeasurementFlow.csproj]
C:\Users\112011\撠?\憭GENT_皜祈岫\WaferMeasurementFlow\PJCJCreationForm.cs(191,44): warning CS8600: 甇?撠?Null 撣詨潭??航??Null ?潸??銝??Null ???乓?[C:\Users\112011\撠?\憭GENT_皜祈岫\WaferMeasurementFlow\WaferMeasurementFlow.csproj]
C:\Users\112011\撠?\憭GENT_皜祈岫\WaferMeasurementFlow\PJCJCreationForm.cs(219,60): warning CS8603: ?航??Null ???[C:\Users\112011\撠?\憭GENT_皜祈岫\WaferMeasurementFlow\WaferMeasurementFlow.csproj]
C:\Users\112011\撠?\憭GENT_皜祈岫\WaferMeasurementFlow\Managers\EtelManager.cs(14,25): warning CS0169: 甈? 'EtelManager._dmdData' 敺雿輻??[C:\Users\112011\撠?\憭GENT_皜祈岫\WaferMeasurementFlow\WaferMeasurementFlow.csproj]

撱箇蔭憭望???

C:\Users\112011\撠?\憭GENT_皜祈岫\WaferMeasurementFlow\Agents\LoadPortAgent.cs(15,35): warning CS8603: ?航??Null ???[C:\Users\112011\撠?\憭GENT_皜祈岫\WaferMeasurementFlow\WaferMeasurementFlow.csproj]
C:\Users\112011\撠?\憭GENT_皜祈岫\WaferMeasurementFlow\Agents\SystemEventBus.cs(8,46): warning CS8618: ??箏遣瑽撘?嚗??舐 Null ??鈭辣 'LoadPortStateChanged' 敹????Null ?潦???啣? 'required' 靽桅ˇ???? 鈭辣 摰???箏隞亦 Null??[C:\Users\112011\撠?\憭GENT_皜祈岫\WaferMeasurementFlow\WaferMeasurementFlow.csproj]
C:\Users\112011\撠?\憭GENT_皜祈岫\WaferMeasurementFlow\Agents\SystemEventBus.cs(9,45): warning CS8618: ??箏遣瑽撘?嚗??舐 Null ??鈭辣 'CarrierStateChanged' 敹????Null ?潦???啣? 'required' 靽桅ˇ???? 鈭辣 摰???箏隞亦 Null??[C:\Users\112011\撠?\憭GENT_皜祈岫\WaferMeasurementFlow\WaferMeasurementFlow.csproj]
C:\Users\112011\撠?\憭GENT_皜祈岫\WaferMeasurementFlow\Agents\SystemEventBus.cs(10,47): warning CS8618: ??箏遣瑽撘?嚗??舐 Null ??鈭辣 'SubstrateStateChanged' 敹????Null ?潦???啣? 'required' 靽桅ˇ???? 鈭辣 摰???箏隞亦 Null??[C:\Users\112011\撠?\憭GENT_皜祈岫\WaferMeasurementFlow\WaferMeasurementFlow.csproj]
C:\Users\112011\撠?\憭GENT_皜祈岫\WaferMeasurementFlow\Agents\SystemEventBus.cs(11,44): warning CS8618: ??箏遣瑽撘?嚗??舐 Null ??鈭辣 'LogMessagePublished' 敹????Null ?潦???啣? 'required' 靽桅ˇ???? 鈭辣 摰???箏隞亦 Null??[C:\Users\112011\撠?\憭GENT_皜祈岫\WaferMeasurementFlow\WaferMeasurementFlow.csproj]
C:\Users\112011\撠?\憭GENT_皜祈岫\WaferMeasurementFlow\Forms\EtelTestForm.cs(27,16): warning CS8618: ??箏遣瑽撘?嚗??舐 Null ??甈? 'txtUrl' 敹????Null ?潦???啣? 'required' 靽桅ˇ???? 甈? 摰???箏隞亦 Null??[C:\Users\112011\撠?\憭GENT_皜祈岫\WaferMeasurementFlow\WaferMeasurementFlow.csproj]
C:\Users\112011\撠?\憭GENT_皜祈岫\WaferMeasurementFlow\Forms\EtelTestForm.cs(27,16): warning CS8618: ??箏遣瑽撘?嚗??舐 Null ??甈? 'btnConnect' 敹????Null ?潦???啣? 'required' 靽桅ˇ???? 甈? 摰???箏隞亦 Null??[C:\Users\112011\撠?\憭GENT_皜祈岫\WaferMeasurementFlow\WaferMeasurementFlow.csproj]
C:\Users\112011\撠?\憭GENT_皜祈岫\WaferMeasurementFlow\Forms\EtelTestForm.cs(27,16): warning CS8618: ??箏遣瑽撘?嚗??舐 Null ??甈? 'btnDisconnect' 敹????Null ?潦???啣? 'required' 靽桅ˇ???? 甈? 摰???箏隞亦 Null??[C:\Users\112011\撠?\憭GENT_皜祈岫\WaferMeasurementFlow\WaferMeasurementFlow.csproj]
C:\Users\112011\撠?\憭GENT_皜祈岫\WaferMeasurementFlow\Forms\EtelTestForm.cs(27,16): warning CS8618: ??箏遣瑽撘?嚗??舐 Null ??甈? 'comboType' 敹????Null ?潦???啣? 'required' 靽桅ˇ???? 甈? 摰???箏隞亦 Null??[C:\Users\112011\撠?\憭GENT_皜祈岫\WaferMeasurementFlow\WaferMeasurementFlow.csproj]
C:\Users\112011\撠?\憭GENT_皜祈岫\WaferMeasurementFlow\Forms\EtelTestForm.cs(27,16): warning CS8618: ??箏遣瑽撘?嚗??舐 Null ??甈? 'txtIndex' 敹????Null ?潦???啣? 'required' 靽桅ˇ???? 甈? 摰???箏隞亦 Null??[C:\Users\112011\撠?\憭GENT_皜祈岫\WaferMeasurementFlow\WaferMeasurementFlow.csproj]
C:\Users\112011\撠?\憭GENT_皜祈岫\WaferMeasurementFlow\Forms\EtelTestForm.cs(27,16): warning CS8618: ??箏遣瑽撘?嚗??舐 Null ??甈? 'txtSubIndex' 敹????Null ?潦???啣? 'required' 靽桅ˇ???? 甈? 摰???箏隞亦 Null??[C:\Users\112011\撠?\憭GENT_皜祈岫\WaferMeasurementFlow\WaferMeasurementFlow.csproj]
C:\Users\112011\撠?\憭GENT_皜祈岫\WaferMeasurementFlow\Forms\EtelTestForm.cs(27,16): warning CS8618: ??箏遣瑽撘?嚗??舐 Null ??甈? 'txtValue' 敹????Null ?潦???啣? 'required' 靽桅ˇ???? 甈? 摰???箏隞亦 Null??[C:\Users\112011\撠?\憭GENT_皜祈岫\WaferMeasurementFlow\WaferMeasurementFlow.csproj]
C:\Users\112011\撠?\憭GENT_皜祈岫\WaferMeasurementFlow\Forms\EtelTestForm.cs(27,16): warning CS8618: ??箏遣瑽撘?嚗??舐 Null ??甈? 'btnRead' 敹????Null ?潦???啣? 'required' 靽桅ˇ???? 甈? 摰???箏隞亦 Null??[C:\Users\112011\撠?\憭GENT_皜祈岫\WaferMeasurementFlow\WaferMeasurementFlow.csproj]
C:\Users\112011\撠?\憭GENT_皜祈岫\WaferMeasurementFlow\Forms\EtelTestForm.cs(27,16): warning CS8618: ??箏遣瑽撘?嚗??舐 Null ??甈? 'btnWrite' 敹????Null ?潦???啣? 'required' 靽桅ˇ???? 甈? 摰???箏隞亦 Null??[C:\Users\112011\撠?\憭GENT_皜祈岫\WaferMeasurementFlow\WaferMeasurementFlow.csproj]
C:\Users\112011\撠?\憭GENT_皜祈岫\WaferMeasurementFlow\Forms\EtelTestForm.cs(27,16): warning CS8618: ??箏遣瑽撘?嚗??舐 Null ??甈? 'txtLog' 敹????Null ?潦???啣? 'required' 靽桅ˇ???? 甈? 摰???箏隞亦 Null??[C:\Users\112011\撠?\憭GENT_皜祈岫\WaferMeasurementFlow\WaferMeasurementFlow.csproj]
C:\Users\112011\撠?\憭GENT_皜祈岫\WaferMeasurementFlow\MainForm.cs(35,16): warning CS8618: ??箏遣瑽撘?嚗??舐 Null ??甈? '_indPort1' 敹????Null ?潦???啣? 'required' 靽桅ˇ???? 甈? 摰???箏隞亦 Null??[C:\Users\112011\撠?\憭GENT_皜祈岫\WaferMeasurementFlow\WaferMeasurementFlow.csproj]
C:\Users\112011\撠?\憭GENT_皜祈岫\WaferMeasurementFlow\MainForm.cs(35,16): warning CS8618: ??箏遣瑽撘?嚗??舐 Null ??甈? '_indPort2' 敹????Null ?潦???啣? 'required' 靽桅ˇ???? 甈? 摰???箏隞亦 Null??[C:\Users\112011\撠?\憭GENT_皜祈岫\WaferMeasurementFlow\WaferMeasurementFlow.csproj]
C:\Users\112011\撠?\憭GENT_皜祈岫\WaferMeasurementFlow\MainForm.cs(35,16): warning CS8618: ??箏遣瑽撘?嚗??舐 Null ??甈? '_lblCarrierId' 敹????Null ?潦???啣? 'required' 靽桅ˇ???? 甈? 摰???箏隞亦 Null??[C:\Users\112011\撠?\憭GENT_皜祈岫\WaferMeasurementFlow\WaferMeasurementFlow.csproj]
C:\Users\112011\撠?\憭GENT_皜祈岫\WaferMeasurementFlow\MainForm.cs(35,16): warning CS8618: ??箏遣瑽撘?嚗??舐 Null ??甈? '_comboPort' 敹????Null ?潦???啣? 'required' 靽桅ˇ???? 甈? 摰???箏隞亦 Null??[C:\Users\112011\撠?\憭GENT_皜祈岫\WaferMeasurementFlow\WaferMeasurementFlow.csproj]
C:\Users\112011\撠?\憭GENT_皜祈岫\WaferMeasurementFlow\MainForm.cs(35,16): warning CS8618: ??箏遣瑽撘?嚗??舐 Null ??甈? '_btnPlace' 敹????Null ?潦???啣? 'required' 靽桅ˇ???? 甈? 摰???箏隞亦 Null??[C:\Users\112011\撠?\憭GENT_皜祈岫\WaferMeasurementFlow\WaferMeasurementFlow.csproj]
C:\Users\112011\撠?\憭GENT_皜祈岫\WaferMeasurementFlow\MainForm.cs(35,16): warning CS8618: ??箏遣瑽撘?嚗??舐 Null ??甈? '_btnUnload' 敹????Null ?潦???啣? 'required' 靽桅ˇ???? 甈? 摰???箏隞亦 Null??[C:\Users\112011\撠?\憭GENT_皜祈岫\WaferMeasurementFlow\WaferMeasurementFlow.csproj]
C:\Users\112011\撠?\憭GENT_皜祈岫\WaferMeasurementFlow\MainForm.cs(35,16): warning CS8618: ??箏遣瑽撘?嚗??舐 Null ??甈? '_btnPJCJ' 敹????Null ?潦???啣? 'required' 靽桅ˇ???? 甈? 摰???箏隞亦 Null??[C:\Users\112011\撠?\憭GENT_皜祈岫\WaferMeasurementFlow\WaferMeasurementFlow.csproj]
C:\Users\112011\撠?\憭GENT_皜祈岫\WaferMeasurementFlow\MainForm.cs(35,16): warning CS8618: ??箏遣瑽撘?嚗??舐 Null ??甈? '_btnRecipes' 敹????Null ?潦???啣? 'required' 靽桅ˇ???? 甈? 摰???箏隞亦 Null??[C:\Users\112011\撠?\憭GENT_皜祈岫\WaferMeasurementFlow\WaferMeasurementFlow.csproj]
C:\Users\112011\撠?\憭GENT_皜祈岫\WaferMeasurementFlow\MainForm.cs(35,16): warning CS8618: ??箏遣瑽撘?嚗??舐 Null ??甈? '_btnSecs' 敹????Null ?潦???啣? 'required' 靽桅ˇ???? 甈? 摰???箏隞亦 Null??[C:\Users\112011\撠?\憭GENT_皜祈岫\WaferMeasurementFlow\WaferMeasurementFlow.csproj]
C:\Users\112011\撠?\憭GENT_皜祈岫\WaferMeasurementFlow\MainForm.cs(35,16): warning CS8618: ??箏遣瑽撘?嚗??舐 Null ??甈? '_btnEtel' 敹????Null ?潦???啣? 'required' 靽桅ˇ???? 甈? 摰???箏隞亦 Null??[C:\Users\112011\撠?\憭GENT_皜祈岫\WaferMeasurementFlow\WaferMeasurementFlow.csproj]
C:\Users\112011\撠?\憭GENT_皜祈岫\WaferMeasurementFlow\MainForm.cs(35,16): warning CS8618: ??箏遣瑽撘?嚗??舐 Null ??甈? '_gridSlots' 敹????Null ?潦???啣? 'required' 靽桅ˇ???? 甈? 摰???箏隞亦 Null??[C:\Users\112011\撠?\憭GENT_皜祈岫\WaferMeasurementFlow\WaferMeasurementFlow.csproj]
C:\Users\112011\撠?\憭GENT_皜祈岫\WaferMeasurementFlow\MainForm.cs(35,16): warning CS8618: ??箏遣瑽撘?嚗??舐 Null ??甈? '_txtLog' 敹????Null ?潦???啣? 'required' 靽桅ˇ???? 甈? 摰???箏隞亦 Null??[C:\Users\112011\撠?\憭GENT_皜祈岫\WaferMeasurementFlow\WaferMeasurementFlow.csproj]
C:\Users\112011\撠?\憭GENT_皜祈岫\WaferMeasurementFlow\UI\IndustrialControls.cs(110,16): warning CS8618: ??箏遣瑽撘?嚗??舐 Null ??撅祆?'Title' 敹????Null ?潦???啣? 'required' 靽桅ˇ???? 撅祆?摰???箏隞亦 Null??[C:\Users\112011\撠?\憭GENT_皜祈岫\WaferMeasurementFlow\WaferMeasurementFlow.csproj]
C:\Users\112011\撠?\憭GENT_皜祈岫\WaferMeasurementFlow\Equipment.cs(80,16): warning CS8618: ??箏遣瑽撘?嚗??舐 Null ??撅祆?'Robot' 敹????Null ?潦???啣? 'required' 靽桅ˇ???? 撅祆?摰???箏隞亦 Null??[C:\Users\112011\撠?\憭GENT_皜祈岫\WaferMeasurementFlow\WaferMeasurementFlow.csproj]
C:\Users\112011\撠?\憭GENT_皜祈岫\WaferMeasurementFlow\Equipment.cs(80,16): warning CS8618: ??箏遣瑽撘?嚗??舐 Null ??撅祆?'Aligner' 敹????Null ?潦???啣? 'required' 靽桅ˇ???? 撅祆?摰???箏隞亦 Null??[C:\Users\112011\撠?\憭GENT_皜祈岫\WaferMeasurementFlow\WaferMeasurementFlow.csproj]
C:\Users\112011\撠?\憭GENT_皜祈岫\WaferMeasurementFlow\Equipment.cs(80,16): warning CS8618: ??箏遣瑽撘?嚗??舐 Null ??撅祆?'ControlJobManager' 敹????Null ?潦???啣? 'required' 靽桅ˇ???? 撅祆?摰???箏隞亦 Null??[C:\Users\112011\撠?\憭GENT_皜祈岫\WaferMeasurementFlow\WaferMeasurementFlow.csproj]
C:\Users\112011\撠?\憭GENT_皜祈岫\WaferMeasurementFlow\Equipment.cs(80,16): warning CS8618: ??箏遣瑽撘?嚗??舐 Null ??撅祆?'ProcessManager' 敹????Null ?潦???啣? 'required' 靽桅ˇ???? 撅祆?摰???箏隞亦 Null??[C:\Users\112011\撠?\憭GENT_皜祈岫\WaferMeasurementFlow\WaferMeasurementFlow.csproj]
C:\Users\112011\撠?\憭GENT_皜祈岫\WaferMeasurementFlow\Equipment.cs(80,16): warning CS8618: ??箏遣瑽撘?嚗??舐 Null ??撅祆?'E87Manager' 敹????Null ?潦???啣? 'required' 靽桅ˇ???? 撅祆?摰???箏隞亦 Null??[C:\Users\112011\撠?\憭GENT_皜祈岫\WaferMeasurementFlow\WaferMeasurementFlow.csproj]
C:\Users\112011\撠?\憭GENT_皜祈岫\WaferMeasurementFlow\Equipment.cs(80,16): warning CS8618: ??箏遣瑽撘?嚗??舐 Null ??撅祆?'WaferManager' 敹????Null ?潦???啣? 'required' 靽桅ˇ???? 撅祆?摰???箏隞亦 Null??[C:\Users\112011\撠?\憭GENT_皜祈岫\WaferMeasurementFlow\WaferMeasurementFlow.csproj]
C:\Users\112011\撠?\憭GENT_皜祈岫\WaferMeasurementFlow\Equipment.cs(80,16): warning CS8618: ??箏遣瑽撘?嚗??舐 Null ??撅祆?'RecipeManager' 敹????Null ?潦???啣? 'required' 靽桅ˇ???? 撅祆?摰???箏隞亦 Null??[C:\Users\112011\撠?\憭GENT_皜祈岫\WaferMeasurementFlow\WaferMeasurementFlow.csproj]
C:\Users\112011\撠?\憭GENT_皜祈岫\WaferMeasurementFlow\Equipment.cs(80,16): warning CS8618: ??箏遣瑽撘?嚗??舐 Null ??甈? '_secsManager' 敹????Null ?潦???啣? 'required' 靽桅ˇ???? 甈? 摰???箏隞亦 Null??[C:\Users\112011\撠?\憭GENT_皜祈岫\WaferMeasurementFlow\WaferMeasurementFlow.csproj]
C:\Users\112011\撠?\憭GENT_皜祈岫\WaferMeasurementFlow\Equipment.cs(80,16): warning CS8618: ??箏遣瑽撘?嚗??舐 Null ??撅祆?'LogSystem' 敹????Null ?潦???啣? 'required' 靽桅ˇ???? 撅祆?摰???箏隞亦 Null??[C:\Users\112011\撠?\憭GENT_皜祈岫\WaferMeasurementFlow\WaferMeasurementFlow.csproj]
C:\Users\112011\撠?\憭GENT_皜祈岫\WaferMeasurementFlow\Managers\SecsManager.cs(47,16): warning CS8618: ??箏遣瑽撘?嚗??舐 Null ??甈? '_monitorForm' 敹????Null ?潦???啣? 'required' 靽桅ˇ???? 甈? 摰???箏隞亦 Null??[C:\Users\112011\撠?\憭GENT_皜祈岫\WaferMeasurementFlow\WaferMeasurementFlow.csproj]
C:\Users\112011\撠?\憭GENT_皜祈岫\WaferMeasurementFlow\Managers\EtelManager.cs(22,16): warning CS8618: ??箏遣瑽撘?嚗??舐 Null ??甈? '_drive' 敹????Null ?潦???啣? 'required' 靽桅ˇ???? 甈? 摰???箏隞亦 Null??[C:\Users\112011\撠?\憭GENT_皜祈岫\WaferMeasurementFlow\WaferMeasurementFlow.csproj]
C:\Users\112011\撠?\憭GENT_皜祈岫\WaferMeasurementFlow\Managers\EtelManager.cs(22,16): warning CS8618: ??箏遣瑽撘?嚗??舐 Null ??甈? '_dmdData' 敹????Null ?潦???啣? 'required' 靽桅ˇ???? 甈? 摰???箏隞亦 Null??[C:\Users\112011\撠?\憭GENT_皜祈岫\WaferMeasurementFlow\WaferMeasurementFlow.csproj]
C:\Users\112011\撠?\憭GENT_皜祈岫\WaferMeasurementFlow\Managers\EtelManager.cs(22,16): warning CS8618: ??箏遣瑽撘?嚗??舐 Null ??鈭辣 'OnLog' 敹????Null ?潦???啣? 'required' 靽桅ˇ???? 鈭辣 摰???箏隞亦 Null??[C:\Users\112011\撠?\憭GENT_皜祈岫\WaferMeasurementFlow\WaferMeasurementFlow.csproj]
C:\Users\112011\撠?\憭GENT_皜祈岫\WaferMeasurementFlow\Managers\EtelManager.cs(22,16): warning CS8618: ??箏遣瑽撘?嚗??舐 Null ??鈭辣 'OnError' 敹????Null ?潦???啣? 'required' 靽桅ˇ???? 鈭辣 摰???箏隞亦 Null??[C:\Users\112011\撠?\憭GENT_皜祈岫\WaferMeasurementFlow\WaferMeasurementFlow.csproj]
C:\Users\112011\撠?\憭GENT_皜祈岫\WaferMeasurementFlow\Managers\EtelManager.cs(59,26): warning CS8625: ?⊥?撠?null 撣詨潸???銝??Null ?????乓?[C:\Users\112011\撠?\憭GENT_皜祈岫\WaferMeasurementFlow\WaferMeasurementFlow.csproj]
C:\Users\112011\撠?\憭GENT_皜祈岫\WaferMeasurementFlow\Managers\EtelManager.cs(88,30): warning CS8625: ?⊥?撠?null 撣詨潸???銝??Null ?????乓?[C:\Users\112011\撠?\憭GENT_皜祈岫\WaferMeasurementFlow\WaferMeasurementFlow.csproj]
C:\Users\112011\撠?\憭GENT_皜祈岫\WaferMeasurementFlow\RecipeEditorForm.cs(25,16): warning CS8618: ??箏遣瑽撘?嚗??舐 Null ??甈? '_recipeListBox' 敹????Null ?潦???啣? 'required' 靽桅ˇ???? 甈? 摰???箏隞亦 Null??[C:\Users\112011\撠?\憭GENT_皜祈岫\WaferMeasurementFlow\WaferMeasurementFlow.csproj]
C:\Users\112011\撠?\憭GENT_皜祈岫\WaferMeasurementFlow\RecipeEditorForm.cs(25,16): warning CS8618: ??箏遣瑽撘?嚗??舐 Null ??甈? '_recipeIdTextBox' 敹????Null ?潦???啣? 'required' 靽桅ˇ???? 甈? 摰???箏隞亦 Null??[C:\Users\112011\撠?\憭GENT_皜祈岫\WaferMeasurementFlow\WaferMeasurementFlow.csproj]
C:\Users\112011\撠?\憭GENT_皜祈岫\WaferMeasurementFlow\RecipeEditorForm.cs(25,16): warning CS8618: ??箏遣瑽撘?嚗??舐 Null ??甈? '_parametersGridView' 敹????Null ?潦???啣? 'required' 靽桅ˇ???? 甈? 摰???箏隞亦 Null??[C:\Users\112011\撠?\憭GENT_皜祈岫\WaferMeasurementFlow\WaferMeasurementFlow.csproj]
C:\Users\112011\撠?\憭GENT_皜祈岫\WaferMeasurementFlow\RecipeEditorForm.cs(25,16): warning CS8618: ??箏遣瑽撘?嚗??舐 Null ??甈? '_txtTargetSlots' 敹????Null ?潦???啣? 'required' 靽桅ˇ???? 甈? 摰???箏隞亦 Null??[C:\Users\112011\撠?\憭GENT_皜祈岫\WaferMeasurementFlow\WaferMeasurementFlow.csproj]
C:\Users\112011\撠?\憭GENT_皜祈岫\WaferMeasurementFlow\RecipeEditorForm.cs(25,16): warning CS8618: ??箏遣瑽撘?嚗??舐 Null ??甈? '_btnNew' 敹????Null ?潦???啣? 'required' 靽桅ˇ???? 甈? 摰???箏隞亦 Null??[C:\Users\112011\撠?\憭GENT_皜祈岫\WaferMeasurementFlow\WaferMeasurementFlow.csproj]
C:\Users\112011\撠?\憭GENT_皜祈岫\WaferMeasurementFlow\RecipeEditorForm.cs(25,16): warning CS8618: ??箏遣瑽撘?嚗??舐 Null ??甈? '_btnSave' 敹????Null ?潦???啣? 'required' 靽桅ˇ???? 甈? 摰???箏隞亦 Null??[C:\Users\112011\撠?\憭GENT_皜祈岫\WaferMeasurementFlow\WaferMeasurementFlow.csproj]
C:\Users\112011\撠?\憭GENT_皜祈岫\WaferMeasurementFlow\RecipeEditorForm.cs(25,16): warning CS8618: ??箏遣瑽撘?嚗??舐 Null ??甈? '_btnDelete' 敹????Null ?潦???啣? 'required' 靽桅ˇ???? 甈? 摰???箏隞亦 Null??[C:\Users\112011\撠?\憭GENT_皜祈岫\WaferMeasurementFlow\WaferMeasurementFlow.csproj]
C:\Users\112011\撠?\憭GENT_皜祈岫\WaferMeasurementFlow\PJCJCreationForm.cs(25,16): warning CS8618: ??箏遣瑽撘?嚗??舐 Null ??甈? '_comboRecipes' 敹????Null ?潦???啣? 'required' 靽桅ˇ???? 甈? 摰???箏隞亦 Null??[C:\Users\112011\撠?\憭GENT_皜祈岫\WaferMeasurementFlow\WaferMeasurementFlow.csproj]
C:\Users\112011\撠?\憭GENT_皜祈岫\WaferMeasurementFlow\PJCJCreationForm.cs(25,16): warning CS8618: ??箏遣瑽撘?嚗??舐 Null ??甈? '_comboPorts' 敹????Null ?潦???啣? 'required' 靽桅ˇ???? 甈? 摰???箏隞亦 Null??[C:\Users\112011\撠?\憭GENT_皜祈岫\WaferMeasurementFlow\WaferMeasurementFlow.csproj]
C:\Users\112011\撠?\憭GENT_皜祈岫\WaferMeasurementFlow\PJCJCreationForm.cs(25,16): warning CS8618: ??箏遣瑽撘?嚗??舐 Null ??甈? '_gridWafers' 敹????Null ?潦???啣? 'required' 靽桅ˇ???? 甈? 摰???箏隞亦 Null??[C:\Users\112011\撠?\憭GENT_皜祈岫\WaferMeasurementFlow\WaferMeasurementFlow.csproj]
C:\Users\112011\撠?\憭GENT_皜祈岫\WaferMeasurementFlow\PJCJCreationForm.cs(25,16): warning CS8618: ??箏遣瑽撘?嚗??舐 Null ??甈? '_txtPJCJId' 敹????Null ?潦???啣? 'required' 靽桅ˇ???? 甈? 摰???箏隞亦 Null??[C:\Users\112011\撠?\憭GENT_皜祈岫\WaferMeasurementFlow\WaferMeasurementFlow.csproj]
C:\Users\112011\撠?\憭GENT_皜祈岫\WaferMeasurementFlow\PJCJCreationForm.cs(25,16): warning CS8618: ??箏遣瑽撘?嚗??舐 Null ??甈? '_txtCJCJId' 敹????Null ?潦???啣? 'required' 靽桅ˇ???? 甈? 摰???箏隞亦 Null??[C:\Users\112011\撠?\憭GENT_皜祈岫\WaferMeasurementFlow\WaferMeasurementFlow.csproj]
C:\Users\112011\撠?\憭GENT_皜祈岫\WaferMeasurementFlow\PJCJCreationForm.cs(25,16): warning CS8618: ??箏遣瑽撘?嚗??舐 Null ??甈? '_btnCreate' 敹????Null ?潦???啣? 'required' 靽桅ˇ???? 甈? 摰???箏隞亦 Null??[C:\Users\112011\撠?\憭GENT_皜祈岫\WaferMeasurementFlow\WaferMeasurementFlow.csproj]
C:\Users\112011\撠?\憭GENT_皜祈岫\WaferMeasurementFlow\PJCJCreationForm.cs(191,44): warning CS8600: 甇?撠?Null 撣詨潭??航??Null ?潸??銝??Null ???乓?[C:\Users\112011\撠?\憭GENT_皜祈岫\WaferMeasurementFlow\WaferMeasurementFlow.csproj]
C:\Users\112011\撠?\憭GENT_皜祈岫\WaferMeasurementFlow\PJCJCreationForm.cs(219,60): warning CS8603: ?航??Null ???[C:\Users\112011\撠?\憭GENT_皜祈岫\WaferMeasurementFlow\WaferMeasurementFlow.csproj]
C:\Users\112011\撠?\憭GENT_皜祈岫\WaferMeasurementFlow\Managers\EtelManager.cs(14,25): warning CS0169: 甈? 'EtelManager._dmdData' 敺雿輻??[C:\Users\112011\撠?\憭GENT_皜祈岫\WaferMeasurementFlow\WaferMeasurementFlow.csproj]
C:\Users\112011\撠?\憭GENT_皜祈岫\WaferMeasurementFlow\MainForm.cs(241,13): error CS0103: ?迂 'SystemEventBus' 銝??冽?桀??摰嫣葉 [C:\Users\112011\撠?\憭GENT_皜祈岫\WaferMeasurementFlow\WaferMeasurementFlow.csproj]
C:\Users\112011\撠?\憭GENT_皜祈岫\WaferMeasurementFlow\MainForm.cs(252,13): error CS0103: ?迂 'SystemEventBus' 銝??冽?桀??摰嫣葉 [C:\Users\112011\撠?\憭GENT_皜祈岫\WaferMeasurementFlow\WaferMeasurementFlow.csproj]
C:\Users\112011\撠?\憭GENT_皜祈岫\WaferMeasurementFlow\MainForm.cs(257,13): error CS0103: ?迂 'SystemEventBus' 銝??冽?桀??摰嫣葉 [C:\Users\112011\撠?\憭GENT_皜祈岫\WaferMeasurementFlow\WaferMeasurementFlow.csproj]
C:\Users\112011\撠?\憭GENT_皜祈岫\WaferMeasurementFlow\MainForm.cs(262,13): error CS0103: ?迂 'SystemEventBus' 銝??冽?桀??摰嫣葉 [C:\Users\112011\撠?\憭GENT_皜祈岫\WaferMeasurementFlow\WaferMeasurementFlow.csproj]
    60 ?郎??
    4 ?隤?

蝬??? 00:00:01.97
